[2026-02-09 10:21:28] local.WARNING: Since symfony/http-foundation 7.4: Request::get() is deprecated, use properties ->attributes, query or request directly instead. in D:\Projects\Office\blanka\vendor\symfony\deprecation-contracts\function.php on line 25  
[2026-02-09 10:21:28] local.WARNING: json_decode(): Passing null to parameter #1 ($json) of type string is deprecated in D:\Projects\Office\blanka\app\Http\Controllers\CRUDController.php on line 1726  
[2026-02-09 10:21:31] local.WARNING: Creation of dynamic property App\Repositories\PaymentRepository::$app is deprecated in D:\Projects\Office\blanka\app\Repositories\BaseRepository.php on line 37  
[2026-02-09 10:21:34] local.WARNING: Creation of dynamic property App\Repositories\InsuranceProviderRepository::$app is deprecated in D:\Projects\Office\blanka\app\Repositories\BaseRepository.php on line 37  
[2026-02-09 10:21:35] local.WARNING: Creation of dynamic property App\Repositories\SendUpdateLogRepository::$app is deprecated in D:\Projects\Office\blanka\app\Repositories\BaseRepository.php on line 37  
[2026-02-09 10:21:41] local.WARNING: Creation of dynamic property App\Repositories\LookupRepository::$app is deprecated in D:\Projects\Office\blanka\app\Repositories\BaseRepository.php on line 37  
[2026-02-09 10:21:41] local.WARNING: Creation of dynamic property App\Repositories\LookupRepository::$app is deprecated in D:\Projects\Office\blanka\app\Repositories\BaseRepository.php on line 37  
[2026-02-09 10:21:42] local.WARNING: Creation of dynamic property App\Repositories\EmbeddedProductRepository::$app is deprecated in D:\Projects\Office\blanka\app\Repositories\BaseRepository.php on line 37  
[2026-02-09 10:21:47] local.WARNING: Creation of dynamic property App\Repositories\CustomerMembersRepository::$app is deprecated in D:\Projects\Office\blanka\app\Repositories\BaseRepository.php on line 37  
[2026-02-09 10:21:47] local.WARNING: Creation of dynamic property App\Repositories\LookupRepository::$app is deprecated in D:\Projects\Office\blanka\app\Repositories\BaseRepository.php on line 37  
[2026-02-09 10:21:47] local.WARNING: Creation of dynamic property App\Repositories\LookupRepository::$app is deprecated in D:\Projects\Office\blanka\app\Repositories\BaseRepository.php on line 37  
[2026-02-09 10:21:48] local.WARNING: Creation of dynamic property App\Repositories\CustomerMembersRepository::$app is deprecated in D:\Projects\Office\blanka\app\Repositories\BaseRepository.php on line 37  
[2026-02-09 10:21:48] local.WARNING: Creation of dynamic property App\Repositories\LookupRepository::$app is deprecated in D:\Projects\Office\blanka\app\Repositories\BaseRepository.php on line 37  
[2026-02-09 10:21:48] local.WARNING: Creation of dynamic property App\Repositories\NationalityRepository::$app is deprecated in D:\Projects\Office\blanka\app\Repositories\BaseRepository.php on line 37  
[2026-02-09 10:21:48] local.WARNING: Creation of dynamic property App\Repositories\InsuranceProviderRepository::$app is deprecated in D:\Projects\Office\blanka\app\Repositories\BaseRepository.php on line 37  
[2026-02-09 10:21:49] local.WARNING: Creation of dynamic property App\Repositories\PaymentRepository::$app is deprecated in D:\Projects\Office\blanka\app\Repositories\BaseRepository.php on line 37  
[2026-02-09 10:21:51] local.WARNING: Creation of dynamic property App\Repositories\DocumentTypeRepository::$app is deprecated in D:\Projects\Office\blanka\app\Repositories\BaseRepository.php on line 37  
[2026-02-09 10:21:51] local.WARNING: Creation of dynamic property App\Repositories\DocumentTypeRepository::$app is deprecated in D:\Projects\Office\blanka\app\Repositories\BaseRepository.php on line 37  
[2026-02-09 10:21:52] local.WARNING: Creation of dynamic property App\Repositories\LookupRepository::$app is deprecated in D:\Projects\Office\blanka\app\Repositories\BaseRepository.php on line 37  {"__extra":"{\"customerId\":31323,\"quote_uuid\":\"AB32PMN3\"}"}
[2026-02-09 10:21:53] local.WARNING: Creation of dynamic property App\Repositories\EmbeddedProductRepository::$app is deprecated in D:\Projects\Office\blanka\app\Repositories\BaseRepository.php on line 37  {"__extra":"{\"customerId\":31323,\"quote_uuid\":\"AB32PMN3\"}"}
[2026-02-09 10:21:54] local.WARNING: Creation of dynamic property App\Repositories\PaymentRepository::$app is deprecated in D:\Projects\Office\blanka\app\Repositories\BaseRepository.php on line 37  {"__extra":"{\"customerId\":31323,\"quote_uuid\":\"AB32PMN3\"}"}
[2026-02-09 10:22:00] local.WARNING: Creation of dynamic property App\Repositories\EmbeddedProductRepository::$app is deprecated in D:\Projects\Office\blanka\app\Repositories\BaseRepository.php on line 37  
[2026-02-09 10:22:26] local.WARNING: Creation of dynamic property App\Repositories\EmbeddedProductRepository::$app is deprecated in D:\Projects\Office\blanka\app\Repositories\BaseRepository.php on line 37  
[2026-02-09 10:22:37] local.WARNING: Since symfony/http-foundation 7.4: Trying to use "Illuminate\Http\JsonResponse::sendHeaders()" after headers have already been sent is deprecated and will throw a PHP warning in 8.0. Use a "StreamedResponse" instead. in D:\Projects\Office\blanka\vendor\symfony\deprecation-contracts\function.php on line 25  
[2026-02-09 10:22:42] local.WARNING: Creation of dynamic property App\Repositories\EmbeddedProductRepository::$app is deprecated in D:\Projects\Office\blanka\app\Repositories\BaseRepository.php on line 37  
[2026-02-09 10:23:02] local.WARNING: Since symfony/http-foundation 7.4: Request::get() is deprecated, use properties ->attributes, query or request directly instead. in D:\Projects\Office\blanka\vendor\symfony\deprecation-contracts\function.php on line 25  
[2026-02-09 10:23:02] local.WARNING: json_decode(): Passing null to parameter #1 ($json) of type string is deprecated in D:\Projects\Office\blanka\app\Http\Controllers\CRUDController.php on line 1726  
[2026-02-09 10:23:06] local.WARNING: Creation of dynamic property App\Repositories\PaymentRepository::$app is deprecated in D:\Projects\Office\blanka\app\Repositories\BaseRepository.php on line 37  
[2026-02-09 10:23:09] local.WARNING: Creation of dynamic property App\Repositories\InsuranceProviderRepository::$app is deprecated in D:\Projects\Office\blanka\app\Repositories\BaseRepository.php on line 37  
[2026-02-09 10:23:10] local.WARNING: Creation of dynamic property App\Repositories\SendUpdateLogRepository::$app is deprecated in D:\Projects\Office\blanka\app\Repositories\BaseRepository.php on line 37  
[2026-02-09 10:23:16] local.WARNING: Creation of dynamic property App\Repositories\LookupRepository::$app is deprecated in D:\Projects\Office\blanka\app\Repositories\BaseRepository.php on line 37  
[2026-02-09 10:23:16] local.WARNING: Creation of dynamic property App\Repositories\LookupRepository::$app is deprecated in D:\Projects\Office\blanka\app\Repositories\BaseRepository.php on line 37  
[2026-02-09 10:23:16] local.WARNING: Creation of dynamic property App\Repositories\EmbeddedProductRepository::$app is deprecated in D:\Projects\Office\blanka\app\Repositories\BaseRepository.php on line 37  
[2026-02-09 10:23:22] local.WARNING: Creation of dynamic property App\Repositories\CustomerMembersRepository::$app is deprecated in D:\Projects\Office\blanka\app\Repositories\BaseRepository.php on line 37  
[2026-02-09 10:23:22] local.WARNING: Creation of dynamic property App\Repositories\LookupRepository::$app is deprecated in D:\Projects\Office\blanka\app\Repositories\BaseRepository.php on line 37  
[2026-02-09 10:23:22] local.WARNING: Creation of dynamic property App\Repositories\LookupRepository::$app is deprecated in D:\Projects\Office\blanka\app\Repositories\BaseRepository.php on line 37  
[2026-02-09 10:23:22] local.WARNING: Creation of dynamic property App\Repositories\CustomerMembersRepository::$app is deprecated in D:\Projects\Office\blanka\app\Repositories\BaseRepository.php on line 37  
[2026-02-09 10:23:23] local.WARNING: Creation of dynamic property App\Repositories\LookupRepository::$app is deprecated in D:\Projects\Office\blanka\app\Repositories\BaseRepository.php on line 37  
[2026-02-09 10:23:23] local.WARNING: Creation of dynamic property App\Repositories\NationalityRepository::$app is deprecated in D:\Projects\Office\blanka\app\Repositories\BaseRepository.php on line 37  
[2026-02-09 10:23:23] local.WARNING: Creation of dynamic property App\Repositories\InsuranceProviderRepository::$app is deprecated in D:\Projects\Office\blanka\app\Repositories\BaseRepository.php on line 37  
[2026-02-09 10:23:23] local.WARNING: Creation of dynamic property App\Repositories\PaymentRepository::$app is deprecated in D:\Projects\Office\blanka\app\Repositories\BaseRepository.php on line 37  
[2026-02-09 10:23:26] local.WARNING: Creation of dynamic property App\Repositories\DocumentTypeRepository::$app is deprecated in D:\Projects\Office\blanka\app\Repositories\BaseRepository.php on line 37  
[2026-02-09 10:23:26] local.WARNING: Creation of dynamic property App\Repositories\DocumentTypeRepository::$app is deprecated in D:\Projects\Office\blanka\app\Repositories\BaseRepository.php on line 37  
[2026-02-09 10:23:27] local.WARNING: Creation of dynamic property App\Repositories\LookupRepository::$app is deprecated in D:\Projects\Office\blanka\app\Repositories\BaseRepository.php on line 37  {"__extra":"{\"customerId\":31323,\"quote_uuid\":\"AB32PMN3\"}"}
[2026-02-09 10:23:28] local.WARNING: Creation of dynamic property App\Repositories\EmbeddedProductRepository::$app is deprecated in D:\Projects\Office\blanka\app\Repositories\BaseRepository.php on line 37  {"__extra":"{\"customerId\":31323,\"quote_uuid\":\"AB32PMN3\"}"}
[2026-02-09 10:23:29] local.WARNING: Creation of dynamic property App\Repositories\PaymentRepository::$app is deprecated in D:\Projects\Office\blanka\app\Repositories\BaseRepository.php on line 37  {"__extra":"{\"customerId\":31323,\"quote_uuid\":\"AB32PMN3\"}"}
[2026-02-09 10:23:35] local.WARNING: Since symfony/http-foundation 7.4: Trying to use "Illuminate\Http\JsonResponse::sendHeaders()" after headers have already been sent is deprecated and will throw a PHP warning in 8.0. Use a "StreamedResponse" instead. in D:\Projects\Office\blanka\vendor\symfony\deprecation-contracts\function.php on line 25  
[2026-02-09 10:24:48] local.WARNING: Creation of dynamic property App\Repositories\EmbeddedProductRepository::$app is deprecated in D:\Projects\Office\blanka\app\Repositories\BaseRepository.php on line 37  
[2026-02-09 10:25:06] local.WARNING: Since symfony/http-foundation 7.4: Request::get() is deprecated, use properties ->attributes, query or request directly instead. in D:\Projects\Office\blanka\vendor\symfony\deprecation-contracts\function.php on line 25  
[2026-02-09 10:25:06] local.WARNING: json_decode(): Passing null to parameter #1 ($json) of type string is deprecated in D:\Projects\Office\blanka\app\Http\Controllers\CRUDController.php on line 1726  
[2026-02-09 10:25:10] local.WARNING: Creation of dynamic property App\Repositories\PaymentRepository::$app is deprecated in D:\Projects\Office\blanka\app\Repositories\BaseRepository.php on line 37  
[2026-02-09 10:25:13] local.WARNING: Creation of dynamic property App\Repositories\InsuranceProviderRepository::$app is deprecated in D:\Projects\Office\blanka\app\Repositories\BaseRepository.php on line 37  
[2026-02-09 10:25:14] local.WARNING: Creation of dynamic property App\Repositories\SendUpdateLogRepository::$app is deprecated in D:\Projects\Office\blanka\app\Repositories\BaseRepository.php on line 37  
[2026-02-09 10:25:20] local.WARNING: Creation of dynamic property App\Repositories\LookupRepository::$app is deprecated in D:\Projects\Office\blanka\app\Repositories\BaseRepository.php on line 37  
[2026-02-09 10:25:20] local.WARNING: Creation of dynamic property App\Repositories\LookupRepository::$app is deprecated in D:\Projects\Office\blanka\app\Repositories\BaseRepository.php on line 37  
[2026-02-09 10:25:21] local.WARNING: Creation of dynamic property App\Repositories\EmbeddedProductRepository::$app is deprecated in D:\Projects\Office\blanka\app\Repositories\BaseRepository.php on line 37  
[2026-02-09 10:25:26] local.WARNING: Creation of dynamic property App\Repositories\CustomerMembersRepository::$app is deprecated in D:\Projects\Office\blanka\app\Repositories\BaseRepository.php on line 37  
[2026-02-09 10:25:26] local.WARNING: Creation of dynamic property App\Repositories\LookupRepository::$app is deprecated in D:\Projects\Office\blanka\app\Repositories\BaseRepository.php on line 37  
[2026-02-09 10:25:26] local.WARNING: Creation of dynamic property App\Repositories\LookupRepository::$app is deprecated in D:\Projects\Office\blanka\app\Repositories\BaseRepository.php on line 37  
[2026-02-09 10:25:27] local.WARNING: Creation of dynamic property App\Repositories\CustomerMembersRepository::$app is deprecated in D:\Projects\Office\blanka\app\Repositories\BaseRepository.php on line 37  
[2026-02-09 10:25:27] local.WARNING: Creation of dynamic property App\Repositories\LookupRepository::$app is deprecated in D:\Projects\Office\blanka\app\Repositories\BaseRepository.php on line 37  
[2026-02-09 10:25:27] local.WARNING: Creation of dynamic property App\Repositories\NationalityRepository::$app is deprecated in D:\Projects\Office\blanka\app\Repositories\BaseRepository.php on line 37  
[2026-02-09 10:25:27] local.WARNING: Creation of dynamic property App\Repositories\InsuranceProviderRepository::$app is deprecated in D:\Projects\Office\blanka\app\Repositories\BaseRepository.php on line 37  
[2026-02-09 10:25:28] local.WARNING: Creation of dynamic property App\Repositories\PaymentRepository::$app is deprecated in D:\Projects\Office\blanka\app\Repositories\BaseRepository.php on line 37  
[2026-02-09 10:25:30] local.WARNING: Creation of dynamic property App\Repositories\DocumentTypeRepository::$app is deprecated in D:\Projects\Office\blanka\app\Repositories\BaseRepository.php on line 37  
[2026-02-09 10:25:30] local.WARNING: Creation of dynamic property App\Repositories\DocumentTypeRepository::$app is deprecated in D:\Projects\Office\blanka\app\Repositories\BaseRepository.php on line 37  
[2026-02-09 10:25:31] local.WARNING: Creation of dynamic property App\Repositories\LookupRepository::$app is deprecated in D:\Projects\Office\blanka\app\Repositories\BaseRepository.php on line 37  {"__extra":"{\"customerId\":31323,\"quote_uuid\":\"AB32PMN3\"}"}
[2026-02-09 10:25:32] local.WARNING: Creation of dynamic property App\Repositories\EmbeddedProductRepository::$app is deprecated in D:\Projects\Office\blanka\app\Repositories\BaseRepository.php on line 37  {"__extra":"{\"customerId\":31323,\"quote_uuid\":\"AB32PMN3\"}"}
[2026-02-09 10:25:33] local.WARNING: Creation of dynamic property App\Repositories\PaymentRepository::$app is deprecated in D:\Projects\Office\blanka\app\Repositories\BaseRepository.php on line 37  {"__extra":"{\"customerId\":31323,\"quote_uuid\":\"AB32PMN3\"}"}
[2026-02-09 10:25:37] local.WARNING: Since symfony/http-foundation 7.4: Trying to use "Illuminate\Http\JsonResponse::sendHeaders()" after headers have already been sent is deprecated and will throw a PHP warning in 8.0. Use a "StreamedResponse" instead. in D:\Projects\Office\blanka\vendor\symfony\deprecation-contracts\function.php on line 25  
